#!/usr/bin/python3
# tests/7-base_geometry.txt

# Test instantiation and methods of BaseGeometry

>>> BaseGeometry = __import__('7-base_geometry').BaseGeometry

# Create an instance of BaseGeometry
>>> bg = BaseGeometry()

# Check attributes of BaseGeometry instance using dir()
>>> print(dir(bg))
['__class__', '__delattr__', '__dict__', '__dir__', '__doc__', '__eq__', '__format__', '__ge__', '__getattribute__', '__gt__', '__hash__', '__init__', '__init_subclass__', '__le__', '__lt__', '__module__', '__ne__', '__new__', '__reduce__', '__reduce_ex__', '__repr__', '__setattr__', '__sizeof__', '__str__', '__subclasshook__', '__weakref__', 'area', 'integer_validator']

# Test integer_validator with valid inputs
>>> bg.integer_validator("my_int", 12)

>>> bg.integer_validator("width", 89)

# Test integer_validator with invalid inputs

# Check TypeError when value is not an integer
>>> try:
...     bg.integer_validator("name", "John")
... except Exception as e:
...     print("[{}] {}".format(e.__class__.__name__, e))
[TypeError] name must be an integer

# Check ValueError when value is 0
>>> try:
...     bg.integer_validator("age", 0)
... except Exception as e:
...     print("[{}] {}".format(e.__class__.__name__, e))
[ValueError] age must be greater than 0

# Check ValueError when value is negative
>>> try:
...     bg.integer_validator("age", -4)
... except Exception as e:
...     print("[{}] {}".format(e.__class__.__name__, e))
[ValueError] age must be greater than 0

# Check TypeError when value is float
>>> try:
...     bg.integer_validator("age", 13.5)
... except Exception as e:
...     print("[{}] {}".format(e.__class__.__name__, e))
[TypeError] age must be an integer

# Check TypeError when value is a tuple
>>> try:
...     bg.integer_validator("age", (4,))
... except Exception as e:
...     print("[{}] {}".format(e.__class__.__name__, e))
[TypeError] age must be an integer

# Check TypeError when value is a list
>>> try:
...     bg.integer_validator("age", [3])
... except Exception as e:
...     print("[{}] {}".format(e.__class__.__name__, e))
[TypeError] age must be an integer

# Check TypeError when value is a boolean
>>> try:
...     bg.integer_validator("age", True)
... except Exception as e:
...     print("[{}] {}".format(e.__class__.__name__, e))
[TypeError] age must be an integer

# Check TypeError when value is a set
>>> try:
...     bg.integer_validator("age", {3, 4})
... except Exception as e:
...     print("[{}] {}".format(e.__class__.__name__, e))
[TypeError] age must be an integer

# Check TypeError when value is None
>>> try:
...     bg.integer_validator("age", None)
... except Exception as e:
...     print("[{}] {}".format(e.__class__.__name__, e))
[TypeError] age must be an integer

# Test integer_validator without arguments
>>> try:
...     bg.integer_validator()
... except TypeError as e:
...     print("[{}] {}".format(e.__class__.__name__, e))
[TypeError] integer_validator() missing 2 required positional arguments: 'name' and 'value'

# Test integer_validator with "age" argument but no value
>>> try:
...     bg.integer_validator("age")
... except TypeError as e:
...     print("[{}] {}".format(e.__class__.__name__, e))
[TypeError] integer_validator() missing 1 required positional argument: 'value'

# Test area method

# Check area() method raises Exception with 'area() is not implemented'
>>> try:
...     bg.area()
... except Exception as e:
...     print("[{}] {}".format(e.__class__.__name__, e))
[Exception] area() is not implemented
